exports[`test should render snapshot 1`] = `<InnerComponent />`;
